app/admin/venue-editor/page.tsx(17,9): error TS2322: Type '{ venueName: string; venueType: string; themeColor: string; coverImageUrl: string; tagline: string; vibeKeywords: string; description: string; heroHeadline: string; heroDescription: string; heroButtonText: string; heroLayoutStyle: string; heroBackgroundImageUrl: string; }' is not assignable to type 'AsyncDefaultValues<VenueEditorData> | { venueName?: string | undefined; venueType?: string | undefined; themeColor?: string | undefined; ... 15 more ...; metaKeywords?: (string | undefined)[] | undefined; } | undefined'.
  Type '{ venueName: string; venueType: string; themeColor: string; coverImageUrl: string; tagline: string; vibeKeywords: string; description: string; heroHeadline: string; heroDescription: string; heroButtonText: string; heroLayoutStyle: string; heroBackgroundImageUrl: string; }' is not assignable to type '{ venueName?: string | undefined; venueType?: string | undefined; themeColor?: string | undefined; coverImageUrl?: string | undefined; tagline?: string | undefined; vibeKeywords?: string | undefined; ... 12 more ...; metaKeywords?: (string | undefined)[] | undefined; }'.
    Types of property 'heroLayoutStyle' are incompatible.
      Type 'string' is not assignable to type '"cinematic-center" | "split-screen" | "mobile-showcase" | "cinematic-slider" | undefined'.
app/admin/venue-editor/page.tsx(44,58): error TS2345: Argument of type '(data: VenueEditorData) => Promise<void>' is not assignable to parameter of type 'SubmitHandler<TFieldValues>'.
  Types of parameters 'data' and 'data' are incompatible.
    Type 'TFieldValues' is not assignable to type 'VenueEditorData'.
      Type 'FieldValues' is missing the following properties from type 'VenueEditorData': venueName, venueType, themeColor, coverImageUrl, and 8 more.
